org/schemaspy/model/Schema.class
org/schemaspy/util/Inflection.class
org/schemaspy/output/html/mustache/diagrams/MustacheSummaryDiagramResults.class
org/schemaspy/output/diagram/graphviz/GraphvizDot$ProcessOutputReader.class
org/schemaspy/output/dot/schemaspy/StyleSheet.class
org/schemaspy/output/xml/dom/XmlTableFormatter.class
org/schemaspy/input/dbms/xml/ForeignKeyMeta.class
org/schemaspy/view/HtmlTablePage.class
org/schemaspy/input/dbms/xml/TableColumnMeta.class
org/schemaspy/view/MustacheTable.class
org/schemaspy/logging/StackTraceOmitter.class
org/schemaspy/util/CaseInsensitiveMap.class
org/schemaspy/view/HtmlRoutinePage.class
org/schemaspy/util/Markdown.class
org/schemaspy/output/dot/DotConfig.class
org/schemaspy/output/OutputException.class
org/schemaspy/output/dot/schemaspy/DotNodeConfig.class
org/schemaspy/model/LogicalRemoteTable.class
org/schemaspy/input/dbms/service/TableService.class
org/schemaspy/view/HtmlOrphansPage.class
org/schemaspy/output/dot/schemaspy/ResourceNotFoundException.class
org/schemaspy/input/dbms/service/DatabaseService$1.class
org/schemaspy/output/dot/schemaspy/Html.class
org/schemaspy/view/MustacheTableIndex.class
org/schemaspy/output/dot/schemaspy/DotConnector.class
org/schemaspy/util/DbSpecificOption.class
org/schemaspy/input/dbms/config/ResourceFinder.class
org/schemaspy/input/dbms/config/PropertiesResolver.class
org/schemaspy/input/dbms/service/helper/ImportForeignKey$Builder.class
org/schemaspy/view/MustacheSchema.class
org/schemaspy/cli/SchemaSpyRunner.class
org/schemaspy/input/dbms/exceptions/ConnectionFailure.class
org/schemaspy/WiringConfiguration.class
org/schemaspy/output/xml/dom/XmlRoutineFormatter.class
org/schemaspy/output/diagram/DiagramException.class
org/schemaspy/output/html/mustache/diagrams/MustacheSummaryDiagramFactory.class
org/schemaspy/util/ManifestUtils.class
org/schemaspy/input/dbms/service/InconsistencyException.class
org/schemaspy/view/PageData.class
org/schemaspy/model/RemoteTable.class
org/schemaspy/input/dbms/service/DatabaseService$TableCreator.class
org/schemaspy/model/Database.class
org/schemaspy/input/dbms/service/helper/ImportForeignKey.class
org/schemaspy/output/dot/schemaspy/ResourceFinder.class
org/schemaspy/model/Sequence.class
org/schemaspy/input/dbms/service/SqlService.class
org/schemaspy/input/dbms/service/ColumnLabel.class
org/schemaspy/input/dbms/service/DatabaseService.class
org/schemaspy/input/dbms/ConnectionURLBuilder.class
org/schemaspy/input/dbms/service/helper/ExportForeignKey$Builder.class
org/schemaspy/util/DbSpecificConfig.class
org/schemaspy/input/dbms/xml/SchemaMeta.class
org/schemaspy/input/dbms/config/PropertiesFinder.class
org/schemaspy/output/dot/schemaspy/DotSummaryFormatter.class
org/schemaspy/output/dot/schemaspy/DotFormatter.class
org/schemaspy/model/ConsoleProgressListener.class
org/schemaspy/output/dot/schemaspy/StyleSheet$MissingCssPropertyException.class
org/schemaspy/view/HtmlMainIndexPage.class
org/schemaspy/model/CombinedMap.class
org/schemaspy/util/ResourceWriter.class
org/schemaspy/input/dbms/service/helper/RemoteTableIdentifier.class
org/schemaspy/view/HtmlRelationshipsPage.class
org/schemaspy/view/HtmlRoutinesPage.class
org/schemaspy/util/Writers.class
org/schemaspy/view/HtmlConfig.class
org/schemaspy/model/TableColumn.class
org/schemaspy/view/MustacheTableColumn.class
org/schemaspy/cli/CommandLineArguments.class
org/schemaspy/input/dbms/service/DbmsService.class
org/schemaspy/input/dbms/service/helper/ImportForeignKey$1.class
org/schemaspy/output/diagram/vizjs/VizJSDot.class
org/schemaspy/model/RailsForeignKeyConstraint.class
org/schemaspy/input/dbms/xml/TableMeta.class
org/schemaspy/output/xml/dom/XmlProducerUsingDOM.class
org/schemaspy/output/dot/schemaspy/StyleSheet$ParseException.class
org/schemaspy/model/DbmsMeta$1.class
org/schemaspy/view/MustacheCheckConstraint.class
org/schemaspy/output/xml/dom/XmlConstants.class
org/schemaspy/view/SqlAnalyzer.class
org/schemaspy/output/diagram/DiagramProducer.class
org/schemaspy/output/dot/schemaspy/DotConnectorFinder.class
org/schemaspy/input/dbms/service/DurationFormatter.class
org/schemaspy/model/InvalidConfigurationException.class
org/schemaspy/cli/ConfigFileArgumentParser.class
org/schemaspy/input/dbms/DbDriverLoader.class
org/schemaspy/cli/CombinedDefaultProvider.class
org/schemaspy/view/HtmlColumnsPage.class
org/schemaspy/view/MustacheCatalog.class
org/schemaspy/input/dbms/service/DbmsService$MetaDataFetcher.class
org/schemaspy/input/dbms/config/ResolutionInfo.class
org/schemaspy/input/dbms/service/SequenceService.class
org/schemaspy/input/dbms/service/ColumnService.class
org/schemaspy/Config$MissingRequiredParameterException.class
org/schemaspy/output/xml/dom/XmlColumnFormatter.class
org/schemaspy/model/LogicalTable.class
org/schemaspy/model/Table.class
org/schemaspy/output/html/mustache/diagrams/MustacheDiagramFactory.class
org/schemaspy/input/dbms/CatalogResolver.class
org/schemaspy/view/MustacheTableColumnRelatives.class
org/schemaspy/output/dot/schemaspy/DotFormat.class
org/schemaspy/output/xml/XmlProducerException.class
org/schemaspy/output/xml/dom/XmlSequenceFormatter.class
org/schemaspy/model/RoutineParameter.class
org/schemaspy/model/Routine.class
org/schemaspy/cli/ConfigFileArgument.class
org/schemaspy/Config.class
org/schemaspy/cli/PropertyFileDefaultProvider.class
org/schemaspy/output/xml/dom/XmlIndexFormatter.class
org/schemaspy/SchemaSpyConfiguration.class
org/schemaspy/view/HtmlAnomaliesPage.class
org/schemaspy/TableOrderer$1TrimComparator.class
org/schemaspy/input/dbms/exceptions/ResourceNotFoundException.class
org/schemaspy/cli/DegreeOfSeparationValidator.class
org/schemaspy/input/dbms/service/helper/ExportForeignKey.class
org/schemaspy/output/dot/schemaspy/DotTableFormatter.class
org/schemaspy/view/HtmlConstraintsPage.class
org/schemaspy/analyzer/ImpliedConstraintsFinder.class
org/schemaspy/input/dbms/service/helper/BasicTableMeta.class
org/schemaspy/cli/CommandLineArgumentParser.class
org/schemaspy/input/dbms/service/ViewService.class
org/schemaspy/cli/DefaultProviderFactory.class
org/schemaspy/view/TextFormatter.class
org/schemaspy/input/dbms/service/IndexService.class
org/schemaspy/output/html/mustache/diagrams/MustacheTableDiagramFactory.class
org/schemaspy/output/diagram/DiagramResults.class
org/schemaspy/output/html/mustache/diagrams/MustacheOrphanDiagramFactory.class
org/schemaspy/output/OutputProducer.class
org/schemaspy/output/dot/schemaspy/DotOrphanFormatter.class
org/schemaspy/TableOrderer.class
org/schemaspy/model/DbmsMeta.class
org/schemaspy/DotConfigUsingConfig.class
org/schemaspy/input/dbms/exceptions/RuntimeIOException.class
org/schemaspy/output/diagram/graphviz/GraphvizDot.class
org/schemaspy/view/PageData$Builder.class
org/schemaspy/input/dbms/SchemaResolver.class
org/schemaspy/input/dbms/service/DatabaseService$ThreadedTableCreator.class
org/schemaspy/model/Catalog.class
org/schemaspy/model/TableColumn$ColumnComparator.class
org/schemaspy/output/diagram/graphviz/GraphvizVersion.class
org/schemaspy/model/DbmsMeta$Builder.class
org/schemaspy/input/dbms/service/helper/ExportForeignKey$1.class
org/schemaspy/cli/EnvDefaultProvider.class
org/schemaspy/input/dbms/service/RoutineService.class
org/schemaspy/output/dot/schemaspy/StyleSheetConst.class
org/schemaspy/output/xml/dom/DOMUtil.class
org/schemaspy/view/MustacheCustomResolver.class
org/schemaspy/input/dbms/service/DatabaseService$ThreadedTableCreator$1.class
org/schemaspy/model/EmptySchemaException.class
org/schemaspy/view/MustacheTableDiagram.class
org/schemaspy/output/xml/XmlProducer.class
org/schemaspy/view/MustacheCompiler.class
org/schemaspy/view/WriteStats.class
org/schemaspy/model/ProgressListener.class
org/schemaspy/Main.class
org/schemaspy/model/View.class
org/schemaspy/input/dbms/service/ColumnInitializationFailure.class
org/schemaspy/model/DatabaseObject.class
org/schemaspy/DbAnalyzer.class
org/schemaspy/model/ImpliedForeignKeyConstraint.class
org/schemaspy/model/Table$ByColumnIdComparator.class
org/schemaspy/model/TableColumn$1.class
org/schemaspy/model/TableIndex.class
org/schemaspy/validator/NameValidator.class
org/schemaspy/view/HtmlMultipleSchemasIndexPage.class
org/schemaspy/input/dbms/service/TableService$1.class
org/schemaspy/output/diagram/graphviz/GraphvizConfig.class
org/schemaspy/SchemaAnalyzer.class
org/schemaspy/model/ForeignKeyConstraint.class
org/schemaspy/output/diagram/DiagramFactory.class
org/schemaspy/output/dot/schemaspy/DotNode.class
