/home/travis/build/schemaspy/schemaspy/src/main/java/org/schemaspy/util/CaseInsensitiveMap.java
/home/travis/build/schemaspy/schemaspy/src/main/java/org/schemaspy/util/Inflection.java
/home/travis/build/schemaspy/schemaspy/src/main/java/org/schemaspy/model/DbmsMeta.java
/home/travis/build/schemaspy/schemaspy/src/main/java/org/schemaspy/SchemaAnalyzer.java
/home/travis/build/schemaspy/schemaspy/src/main/java/org/schemaspy/model/RoutineParameter.java
/home/travis/build/schemaspy/schemaspy/src/main/java/org/schemaspy/view/MustacheTableColumnRelatives.java
/home/travis/build/schemaspy/schemaspy/src/main/java/org/schemaspy/view/MustacheCatalog.java
/home/travis/build/schemaspy/schemaspy/src/main/java/org/schemaspy/model/DatabaseObject.java
/home/travis/build/schemaspy/schemaspy/src/main/java/org/schemaspy/input/dbms/SchemaResolver.java
/home/travis/build/schemaspy/schemaspy/src/main/java/org/schemaspy/output/xml/XmlProducerException.java
/home/travis/build/schemaspy/schemaspy/src/main/java/org/schemaspy/view/MustacheTableColumn.java
/home/travis/build/schemaspy/schemaspy/src/main/java/org/schemaspy/output/OutputProducer.java
/home/travis/build/schemaspy/schemaspy/src/main/java/org/schemaspy/input/dbms/service/DurationFormatter.java
/home/travis/build/schemaspy/schemaspy/src/main/java/org/schemaspy/output/dot/schemaspy/ResourceNotFoundException.java
/home/travis/build/schemaspy/schemaspy/src/main/java/org/schemaspy/view/MustacheTable.java
/home/travis/build/schemaspy/schemaspy/src/main/java/org/schemaspy/cli/EnvDefaultProvider.java
/home/travis/build/schemaspy/schemaspy/src/main/java/org/schemaspy/output/diagram/DiagramException.java
/home/travis/build/schemaspy/schemaspy/src/main/java/org/schemaspy/output/xml/dom/XmlRoutineFormatter.java
/home/travis/build/schemaspy/schemaspy/src/main/java/org/schemaspy/model/CombinedMap.java
/home/travis/build/schemaspy/schemaspy/src/main/java/org/schemaspy/util/ResourceWriter.java
/home/travis/build/schemaspy/schemaspy/src/main/java/org/schemaspy/model/TableColumn.java
/home/travis/build/schemaspy/schemaspy/src/main/java/org/schemaspy/input/dbms/service/SqlService.java
/home/travis/build/schemaspy/schemaspy/src/main/java/org/schemaspy/input/dbms/service/ColumnInitializationFailure.java
/home/travis/build/schemaspy/schemaspy/src/main/java/org/schemaspy/input/dbms/service/RoutineService.java
/home/travis/build/schemaspy/schemaspy/src/main/java/org/schemaspy/output/OutputException.java
/home/travis/build/schemaspy/schemaspy/src/main/java/org/schemaspy/cli/ConfigFileArgument.java
/home/travis/build/schemaspy/schemaspy/src/main/java/org/schemaspy/view/HtmlRoutinesPage.java
/home/travis/build/schemaspy/schemaspy/src/main/java/org/schemaspy/WiringConfiguration.java
/home/travis/build/schemaspy/schemaspy/src/main/java/org/schemaspy/output/dot/schemaspy/DotNodeConfig.java
/home/travis/build/schemaspy/schemaspy/src/main/java/org/schemaspy/model/LogicalTable.java
/home/travis/build/schemaspy/schemaspy/src/main/java/org/schemaspy/view/HtmlTablePage.java
/home/travis/build/schemaspy/schemaspy/src/main/java/org/schemaspy/input/dbms/service/ViewService.java
/home/travis/build/schemaspy/schemaspy/src/main/java/org/schemaspy/view/MustacheCompiler.java
/home/travis/build/schemaspy/schemaspy/src/main/java/org/schemaspy/view/MustacheSchema.java
/home/travis/build/schemaspy/schemaspy/src/main/java/org/schemaspy/util/Markdown.java
/home/travis/build/schemaspy/schemaspy/src/main/java/org/schemaspy/output/xml/dom/XmlIndexFormatter.java
/home/travis/build/schemaspy/schemaspy/src/main/java/org/schemaspy/cli/CommandLineArguments.java
/home/travis/build/schemaspy/schemaspy/src/main/java/org/schemaspy/model/Table.java
/home/travis/build/schemaspy/schemaspy/src/main/java/org/schemaspy/util/DbSpecificOption.java
/home/travis/build/schemaspy/schemaspy/src/main/java/org/schemaspy/output/dot/schemaspy/DotNode.java
/home/travis/build/schemaspy/schemaspy/src/main/java/org/schemaspy/util/Writers.java
/home/travis/build/schemaspy/schemaspy/src/main/java/org/schemaspy/output/html/mustache/diagrams/MustacheSummaryDiagramFactory.java
/home/travis/build/schemaspy/schemaspy/src/main/java/org/schemaspy/input/dbms/xml/TableMeta.java
/home/travis/build/schemaspy/schemaspy/src/main/java/org/schemaspy/validator/NameValidator.java
/home/travis/build/schemaspy/schemaspy/src/main/java/org/schemaspy/output/diagram/graphviz/GraphvizConfig.java
/home/travis/build/schemaspy/schemaspy/src/main/java/org/schemaspy/input/dbms/service/ColumnLabel.java
/home/travis/build/schemaspy/schemaspy/src/main/java/org/schemaspy/input/dbms/service/helper/RemoteTableIdentifier.java
/home/travis/build/schemaspy/schemaspy/src/main/java/org/schemaspy/input/dbms/xml/ForeignKeyMeta.java
/home/travis/build/schemaspy/schemaspy/src/main/java/org/schemaspy/input/dbms/xml/SchemaMeta.java
/home/travis/build/schemaspy/schemaspy/src/main/java/org/schemaspy/view/HtmlMainIndexPage.java
/home/travis/build/schemaspy/schemaspy/src/main/java/org/schemaspy/model/View.java
/home/travis/build/schemaspy/schemaspy/src/main/java/org/schemaspy/util/ManifestUtils.java
/home/travis/build/schemaspy/schemaspy/src/main/java/org/schemaspy/cli/ConfigFileArgumentParser.java
/home/travis/build/schemaspy/schemaspy/src/main/java/org/schemaspy/output/dot/schemaspy/DotTableFormatter.java
/home/travis/build/schemaspy/schemaspy/src/main/java/org/schemaspy/output/dot/schemaspy/DotConnectorFinder.java
/home/travis/build/schemaspy/schemaspy/src/main/java/org/schemaspy/input/dbms/service/DbmsService.java
/home/travis/build/schemaspy/schemaspy/src/main/java/org/schemaspy/analyzer/ImpliedConstraintsFinder.java
/home/travis/build/schemaspy/schemaspy/src/main/java/org/schemaspy/model/Routine.java
/home/travis/build/schemaspy/schemaspy/src/main/java/org/schemaspy/model/EmptySchemaException.java
/home/travis/build/schemaspy/schemaspy/src/main/java/org/schemaspy/input/dbms/service/helper/ExportForeignKey.java
/home/travis/build/schemaspy/schemaspy/src/main/java/org/schemaspy/view/HtmlConstraintsPage.java
/home/travis/build/schemaspy/schemaspy/src/main/java/org/schemaspy/output/diagram/graphviz/GraphvizDot.java
/home/travis/build/schemaspy/schemaspy/src/main/java/org/schemaspy/input/dbms/service/TableService.java
/home/travis/build/schemaspy/schemaspy/src/main/java/org/schemaspy/view/HtmlConfig.java
/home/travis/build/schemaspy/schemaspy/src/main/java/org/schemaspy/input/dbms/config/PropertiesFinder.java
/home/travis/build/schemaspy/schemaspy/src/main/java/org/schemaspy/model/InvalidConfigurationException.java
/home/travis/build/schemaspy/schemaspy/src/main/java/org/schemaspy/model/LogicalRemoteTable.java
/home/travis/build/schemaspy/schemaspy/src/main/java/org/schemaspy/input/dbms/ConnectionURLBuilder.java
/home/travis/build/schemaspy/schemaspy/src/main/java/org/schemaspy/output/xml/dom/XmlSequenceFormatter.java
/home/travis/build/schemaspy/schemaspy/src/main/java/org/schemaspy/output/dot/schemaspy/DotFormatter.java
/home/travis/build/schemaspy/schemaspy/src/main/java/org/schemaspy/DbAnalyzer.java
/home/travis/build/schemaspy/schemaspy/src/main/java/org/schemaspy/output/xml/dom/XmlProducerUsingDOM.java
/home/travis/build/schemaspy/schemaspy/src/main/java/org/schemaspy/model/ProgressListener.java
/home/travis/build/schemaspy/schemaspy/src/main/java/org/schemaspy/Main.java
/home/travis/build/schemaspy/schemaspy/src/main/java/org/schemaspy/model/ImpliedForeignKeyConstraint.java
/home/travis/build/schemaspy/schemaspy/src/main/java/org/schemaspy/view/HtmlColumnsPage.java
/home/travis/build/schemaspy/schemaspy/src/main/java/org/schemaspy/model/RemoteTable.java
/home/travis/build/schemaspy/schemaspy/src/main/java/org/schemaspy/view/HtmlRoutinePage.java
/home/travis/build/schemaspy/schemaspy/src/main/java/org/schemaspy/view/HtmlMultipleSchemasIndexPage.java
/home/travis/build/schemaspy/schemaspy/src/main/java/org/schemaspy/output/dot/DotConfig.java
/home/travis/build/schemaspy/schemaspy/src/main/java/org/schemaspy/input/dbms/service/ColumnService.java
/home/travis/build/schemaspy/schemaspy/src/main/java/org/schemaspy/view/MustacheTableIndex.java
/home/travis/build/schemaspy/schemaspy/src/main/java/org/schemaspy/output/diagram/graphviz/GraphvizVersion.java
/home/travis/build/schemaspy/schemaspy/src/main/java/org/schemaspy/SchemaSpyConfiguration.java
/home/travis/build/schemaspy/schemaspy/src/main/java/org/schemaspy/output/html/mustache/diagrams/MustacheOrphanDiagramFactory.java
/home/travis/build/schemaspy/schemaspy/src/main/java/org/schemaspy/model/ForeignKeyConstraint.java
/home/travis/build/schemaspy/schemaspy/src/main/java/org/schemaspy/view/HtmlRelationshipsPage.java
/home/travis/build/schemaspy/schemaspy/src/main/java/org/schemaspy/input/dbms/exceptions/ResourceNotFoundException.java
/home/travis/build/schemaspy/schemaspy/src/main/java/org/schemaspy/cli/CommandLineArgumentParser.java
/home/travis/build/schemaspy/schemaspy/src/main/java/org/schemaspy/model/ConsoleProgressListener.java
/home/travis/build/schemaspy/schemaspy/src/main/java/org/schemaspy/input/dbms/service/SequenceService.java
/home/travis/build/schemaspy/schemaspy/src/main/java/org/schemaspy/view/WriteStats.java
/home/travis/build/schemaspy/schemaspy/src/main/java/org/schemaspy/input/dbms/config/ResolutionInfo.java
/home/travis/build/schemaspy/schemaspy/src/main/java/org/schemaspy/cli/DefaultProviderFactory.java
/home/travis/build/schemaspy/schemaspy/src/main/java/org/schemaspy/output/dot/schemaspy/DotFormat.java
/home/travis/build/schemaspy/schemaspy/src/main/java/org/schemaspy/output/xml/dom/XmlTableFormatter.java
/home/travis/build/schemaspy/schemaspy/src/main/java/org/schemaspy/output/dot/schemaspy/StyleSheetConst.java
/home/travis/build/schemaspy/schemaspy/src/main/java/org/schemaspy/DotConfigUsingConfig.java
/home/travis/build/schemaspy/schemaspy/src/main/java/org/schemaspy/output/xml/dom/DOMUtil.java
/home/travis/build/schemaspy/schemaspy/src/main/java/org/schemaspy/model/RailsForeignKeyConstraint.java
/home/travis/build/schemaspy/schemaspy/src/main/java/org/schemaspy/cli/DegreeOfSeparationValidator.java
/home/travis/build/schemaspy/schemaspy/src/main/java/org/schemaspy/input/dbms/exceptions/ConnectionFailure.java
/home/travis/build/schemaspy/schemaspy/src/main/java/org/schemaspy/output/dot/schemaspy/Html.java
/home/travis/build/schemaspy/schemaspy/src/main/java/org/schemaspy/view/TextFormatter.java
/home/travis/build/schemaspy/schemaspy/src/main/java/org/schemaspy/logging/StackTraceOmitter.java
/home/travis/build/schemaspy/schemaspy/src/main/java/org/schemaspy/output/html/mustache/diagrams/MustacheDiagramFactory.java
/home/travis/build/schemaspy/schemaspy/src/main/java/org/schemaspy/input/dbms/service/InconsistencyException.java
/home/travis/build/schemaspy/schemaspy/src/main/java/org/schemaspy/view/PageData.java
/home/travis/build/schemaspy/schemaspy/src/main/java/org/schemaspy/output/dot/schemaspy/DotConnector.java
/home/travis/build/schemaspy/schemaspy/src/main/java/org/schemaspy/cli/CombinedDefaultProvider.java
/home/travis/build/schemaspy/schemaspy/src/main/java/org/schemaspy/model/TableIndex.java
/home/travis/build/schemaspy/schemaspy/src/main/java/org/schemaspy/output/diagram/DiagramFactory.java
/home/travis/build/schemaspy/schemaspy/src/main/java/org/schemaspy/input/dbms/config/PropertiesResolver.java
/home/travis/build/schemaspy/schemaspy/src/main/java/org/schemaspy/model/Sequence.java
/home/travis/build/schemaspy/schemaspy/src/main/java/org/schemaspy/view/HtmlAnomaliesPage.java
/home/travis/build/schemaspy/schemaspy/src/main/java/org/schemaspy/Config.java
/home/travis/build/schemaspy/schemaspy/src/main/java/org/schemaspy/input/dbms/DbDriverLoader.java
/home/travis/build/schemaspy/schemaspy/src/main/java/org/schemaspy/TableOrderer.java
/home/travis/build/schemaspy/schemaspy/src/main/java/org/schemaspy/model/Catalog.java
/home/travis/build/schemaspy/schemaspy/src/main/java/org/schemaspy/output/xml/dom/XmlColumnFormatter.java
/home/travis/build/schemaspy/schemaspy/src/main/java/org/schemaspy/input/dbms/service/DatabaseService.java
/home/travis/build/schemaspy/schemaspy/src/main/java/org/schemaspy/output/diagram/DiagramProducer.java
/home/travis/build/schemaspy/schemaspy/src/main/java/org/schemaspy/input/dbms/CatalogResolver.java
/home/travis/build/schemaspy/schemaspy/src/main/java/org/schemaspy/util/DbSpecificConfig.java
/home/travis/build/schemaspy/schemaspy/src/main/java/org/schemaspy/cli/SchemaSpyRunner.java
/home/travis/build/schemaspy/schemaspy/src/main/java/org/schemaspy/output/diagram/vizjs/VizJSDot.java
/home/travis/build/schemaspy/schemaspy/src/main/java/org/schemaspy/output/xml/dom/XmlConstants.java
/home/travis/build/schemaspy/schemaspy/src/main/java/org/schemaspy/view/SqlAnalyzer.java
/home/travis/build/schemaspy/schemaspy/src/main/java/org/schemaspy/output/dot/schemaspy/DotOrphanFormatter.java
/home/travis/build/schemaspy/schemaspy/src/main/java/org/schemaspy/view/MustacheCustomResolver.java
/home/travis/build/schemaspy/schemaspy/src/main/java/org/schemaspy/output/xml/XmlProducer.java
/home/travis/build/schemaspy/schemaspy/src/main/java/org/schemaspy/input/dbms/config/ResourceFinder.java
/home/travis/build/schemaspy/schemaspy/src/main/java/org/schemaspy/output/dot/schemaspy/DotSummaryFormatter.java
/home/travis/build/schemaspy/schemaspy/src/main/java/org/schemaspy/output/html/mustache/diagrams/MustacheSummaryDiagramResults.java
/home/travis/build/schemaspy/schemaspy/src/main/java/org/schemaspy/model/Schema.java
/home/travis/build/schemaspy/schemaspy/src/main/java/org/schemaspy/view/MustacheCheckConstraint.java
/home/travis/build/schemaspy/schemaspy/src/main/java/org/schemaspy/output/html/mustache/diagrams/MustacheTableDiagramFactory.java
/home/travis/build/schemaspy/schemaspy/src/main/java/org/schemaspy/view/HtmlOrphansPage.java
/home/travis/build/schemaspy/schemaspy/src/main/java/org/schemaspy/output/diagram/DiagramResults.java
/home/travis/build/schemaspy/schemaspy/src/main/java/org/schemaspy/output/dot/schemaspy/ResourceFinder.java
/home/travis/build/schemaspy/schemaspy/src/main/java/org/schemaspy/input/dbms/service/helper/ImportForeignKey.java
/home/travis/build/schemaspy/schemaspy/src/main/java/org/schemaspy/input/dbms/xml/TableColumnMeta.java
/home/travis/build/schemaspy/schemaspy/src/main/java/org/schemaspy/view/MustacheTableDiagram.java
/home/travis/build/schemaspy/schemaspy/src/main/java/org/schemaspy/input/dbms/exceptions/RuntimeIOException.java
/home/travis/build/schemaspy/schemaspy/src/main/java/org/schemaspy/output/dot/schemaspy/StyleSheet.java
/home/travis/build/schemaspy/schemaspy/src/main/java/org/schemaspy/input/dbms/service/helper/BasicTableMeta.java
/home/travis/build/schemaspy/schemaspy/src/main/java/org/schemaspy/model/Database.java
/home/travis/build/schemaspy/schemaspy/src/main/java/org/schemaspy/input/dbms/service/IndexService.java
/home/travis/build/schemaspy/schemaspy/src/main/java/org/schemaspy/cli/PropertyFileDefaultProvider.java
