org/schemaspy/model/TableFullNameTest.class
org/schemaspy/view/HtmlMultipleSchemasIndexPageTest.class
org/schemaspy/model/TableIndexTest.class
org/schemaspy/cli/PropertyFileDefaultProviderTest.class
org/testcontainers/containers/InformixContainer.class
org/schemaspy/cli/ConfigFileArgumentParserTest.class
org/schemaspy/integrationtesting/OracleSpacesIT.class
org/schemaspy/integrationtesting/pgsql/PgSqlRoutinesIT.class
org/schemaspy/view/HtmlOrphansPageTest.class
org/schemaspy/testing/ConfigRule$1.class
org/schemaspy/output/dot/schemaspy/StyleSheetTest.class
org/schemaspy/output/html/mustache/diagrams/MustacheDiagramFactoryTest.class
org/schemaspy/view/HtmlAnomaliesPageTest.class
org/schemaspy/ConfigIT.class
org/schemaspy/input/dbms/xml/SchemaMetaTest.class
org/schemaspy/input/dbms/validator/NameValidatorTest.class
org/schemaspy/cli/CombinedDefaultProviderTest.class
org/schemaspy/integrationtesting/PgSqlSuite.class
org/schemaspy/input/dbms/ConnectionURLBuilderTest.class
org/schemaspy/integrationtesting/pgsql/PgSqlRelationshipErrorIT.class
org/schemaspy/ConfigTest.class
org/schemaspy/output/dot/schemaspy/HtmlTest.class
org/schemaspy/integrationtesting/mysql/MysqlSpacesIT.class
org/schemaspy/integrationtesting/mysql/MysqlSchemaLeakageIT.class
org/schemaspy/model/SchemaTest.class
org/schemaspy/model/RoutineTest.class
org/schemaspy/view/HtmlRoutinesPageTest.class
org/schemaspy/input/dbms/service/TableServiceConnectTest.class
org/schemaspy/input/dbms/validator/NameValidatorIT.class
org/schemaspy/util/ManifestUtilsIT.class
org/schemaspy/integrationtesting/SchemaMetaIT.class
org/schemaspy/integrationtesting/StackTraceOmitterIT.class
org/schemaspy/integrationtesting/H2SpacesIT.class
org/schemaspy/integrationtesting/mssqlserver/MSSQLServerRemoteTablesIT.class
org/schemaspy/testing/LoggingRule$1.class
org/schemaspy/TableOrdererTest.class
org/schemaspy/integrationtesting/mysql/MysqlHTMLRemoteRelationshipsIT.class
org/schemaspy/testing/IgnoreUsingXPath.class
org/schemaspy/util/RailsNamingTest.class
org/schemaspy/cli/CommandLineArgumentParserTest.class
org/schemaspy/output/dot/schemaspy/DotNodeIT.class
org/schemaspy/testing/ResettingOutputCapture.class
org/dummy/DummyDriver.class
org/schemaspy/testcontainer/InformixIndexIT.class
org/schemaspy/integrationtesting/OraclePKIT.class
org/schemaspy/util/DbSpecificOptionTest.class
org/schemaspy/output/diagram/graphviz/GraphvizDotTest.class
org/schemaspy/util/CaseInsensitiveMapTest.class
org/schemaspy/integrationtesting/pgsql/PgSqlCheckConstraintsIT.class
org/schemaspy/testcontainer/InformixIndexXMLIT.class
org/schemaspy/input/dbms/service/DatabaseServiceIT.class
org/schemaspy/view/HtmlTablePageTest.class
org/dummy/DummyDriverUnsatisfiedCtor.class
org/schemaspy/output/xml/dom/XmlColumnFormatterTest.class
org/schemaspy/input/dbms/service/DatabaseServiceTest.class
org/schemaspy/testing/ExitCodeRule.class
org/schemaspy/integrationtesting/MssqlServerSuite.class
org/schemaspy/integrationtesting/mysql/MysqlMultiSchemaIT.class
org/schemaspy/util/ResultSetDumper.class
org/schemaspy/integrationtesting/pgsql/PgSqlCrossGvPNG.class
org/schemaspy/output/diagram/graphviz/GraphvizVersionTest.class
org/schemaspy/output/xml/dom/XmlTableFormatterTest.class
org/schemaspy/input/dbms/config/PropertiesResolverTest.class
org/schemaspy/output/xml/dom/XmlRoutineFormatterTest.class
org/schemaspy/integrationtesting/pgsql/PgSqlMaterializedViewsIT.class
org/schemaspy/integrationtesting/pgsql/PgSqlCrossGvSVG.class
org/schemaspy/integrationtesting/mysql/MysqlHTMLVizJsIT.class
org/schemaspy/output/dot/schemaspy/DotNodeTest.class
org/schemaspy/integrationtesting/mariadb/MariaDbRoutinesIT.class
org/schemaspy/cli/EnvDefaultProviderTest.class
org/schemaspy/testing/SuiteOrTestJdbcContainerRule.class
org/schemaspy/input/dbms/DbDriverLoaderTest.class
org/dummy/DummyDriverUnsatisfiedConnect.class
org/schemaspy/integrationtesting/mysql/MysqlRoutinesIT.class
org/schemaspy/testing/Logger.class
org/schemaspy/integrationtesting/H2KeywordIT.class
org/schemaspy/input/dbms/service/IndexServiceIsIndexRowTest.class
org/schemaspy/input/dbms/CatalogResolverTest.class
org/schemaspy/cli/DegreeOfSeparationValidatorTest.class
org/schemaspy/testcontainer/OracleIT.class
org/schemaspy/integrationtesting/mysql/MysqlKeyWordTableIT.class
org/schemaspy/testing/SilentSoftAssertions.class
org/schemaspy/input/dbms/service/TableServiceConnectForeignKeysTest.class
org/schemaspy/model/InvalidConfigurationExceptionTest.class
org/schemaspy/input/dbms/config/PropertiesFinderTest.class
org/schemaspy/input/dbms/service/TableServiceAddForeignKeyTest.class
org/schemaspy/integrationtesting/mysql/MysqlHTMLOrphanIT.class
org/schemaspy/integrationtesting/mysql/MysqlSpacesNoDotsIT.class
org/schemaspy/integrationtesting/MysqlSuite.class
org/schemaspy/input/dbms/service/DurationFormatterTest.class
org/schemaspy/testing/AssumeClassIsPresentRule.class
org/schemaspy/cli/SchemaSpyRunnerTest.class
org/schemaspy/testing/XmlOutputDiff.class
org/schemaspy/util/InflectionTest.class
org/schemaspy/util/DbSpecificConfigTest.class
org/schemaspy/DbAnalyzerTest.class
org/schemaspy/output/diagram/vizjs/VizJSDotTest.class
org/schemaspy/integrationtesting/mysql/MysqlHTMLGvSvgIT.class
org/schemaspy/input/dbms/service/IndexServiceAddPrimaryKeyColumnTest.class
org/schemaspy/MainTest.class
org/schemaspy/integrationtesting/mysql/MysqlXMLIT.class
org/schemaspy/output/xml/dom/XmlIndexFormatterTest.class
org/schemaspy/output/dot/schemaspy/ResourceFinderTest.class
org/schemaspy/testing/ConfigRule.class
org/schemaspy/input/dbms/xml/TableColumnMetaTest.class
org/schemaspy/input/dbms/SchemaResolverTest.class
org/schemaspy/integrationtesting/mysql/MysqlHTMLIT.class
org/schemaspy/model/CatalogTest.class
org/schemaspy/util/ManifestUtilsTest.class
org/schemaspy/integrationtesting/pgsql/PgSqlCrossVizjsSVG.class
org/schemaspy/view/HtmlRelationshipsPageTest.class
org/schemaspy/view/HtmlMainIndexPageTest.class
org/schemaspy/testing/SQLScriptsRunner.class
org/schemaspy/output/html/mustache/diagrams/MustacheTableDiagramFactoryTest.class
org/schemaspy/output/xml/dom/XmlHelp.class
org/schemaspy/integrationtesting/SqliteIT.class
org/schemaspy/integrationtesting/H2ViewIT.class
org/schemaspy/testing/ExitCodeRule$ExitPreventionSecurityManager.class
org/schemaspy/testing/HtmlOutputValidator.class
org/schemaspy/testing/H2MemoryRule.class
org/schemaspy/integrationtesting/mssqlserver/MSSQLServerCheckConstraintIT.class
org/schemaspy/integrationtesting/mssqlserver/MSSQLServerHTMLIT.class
org/schemaspy/model/InvalidConfigurationExceptionTest$SimpleClass.class
org/schemaspy/output/html/mustache/diagrams/MustacheSummaryDiagramFactoryTest.class
org/schemaspy/integrationtesting/mssqlserver/MSSQLServerCommentsIT.class
org/schemaspy/testing/LoggingRule.class
org/schemaspy/view/MustacheCompilerTest.class
