/home/travis/build/schemaspy/schemaspy/src/test/java/org/schemaspy/integrationtesting/mysql/MysqlMultiSchemaIT.java
/home/travis/build/schemaspy/schemaspy/src/test/java/org/schemaspy/testcontainer/OracleIT.java
/home/travis/build/schemaspy/schemaspy/src/test/java/org/schemaspy/view/HtmlMainIndexPageTest.java
/home/travis/build/schemaspy/schemaspy/src/test/java/org/schemaspy/testing/LoggingRule.java
/home/travis/build/schemaspy/schemaspy/src/test/java/org/schemaspy/input/dbms/service/DatabaseServiceTest.java
/home/travis/build/schemaspy/schemaspy/src/test/java/org/schemaspy/integrationtesting/SqliteIT.java
/home/travis/build/schemaspy/schemaspy/src/test/java/org/schemaspy/testing/HtmlOutputValidator.java
/home/travis/build/schemaspy/schemaspy/src/test/java/org/schemaspy/integrationtesting/MysqlSuite.java
/home/travis/build/schemaspy/schemaspy/src/test/java/org/schemaspy/input/dbms/SchemaResolverTest.java
/home/travis/build/schemaspy/schemaspy/src/test/java/org/schemaspy/util/DbSpecificOptionTest.java
/home/travis/build/schemaspy/schemaspy/src/test/java/org/schemaspy/input/dbms/xml/TableColumnMetaTest.java
/home/travis/build/schemaspy/schemaspy/src/test/java/org/schemaspy/integrationtesting/mysql/MysqlXMLIT.java
/home/travis/build/schemaspy/schemaspy/src/test/java/org/schemaspy/integrationtesting/mysql/MysqlSpacesIT.java
/home/travis/build/schemaspy/schemaspy/src/test/java/org/schemaspy/testing/IgnoreUsingXPath.java
/home/travis/build/schemaspy/schemaspy/src/test/java/org/dummy/DummyDriverUnsatisfiedConnect.java
/home/travis/build/schemaspy/schemaspy/src/test/java/org/schemaspy/view/HtmlRelationshipsPageTest.java
/home/travis/build/schemaspy/schemaspy/src/test/java/org/schemaspy/cli/EnvDefaultProviderTest.java
/home/travis/build/schemaspy/schemaspy/src/test/java/org/schemaspy/integrationtesting/mysql/MysqlKeyWordTableIT.java
/home/travis/build/schemaspy/schemaspy/src/test/java/org/schemaspy/model/TableIndexTest.java
/home/travis/build/schemaspy/schemaspy/src/test/java/org/schemaspy/model/InvalidConfigurationExceptionTest.java
/home/travis/build/schemaspy/schemaspy/src/test/java/org/schemaspy/ConfigIT.java
/home/travis/build/schemaspy/schemaspy/src/test/java/org/schemaspy/cli/SchemaSpyRunnerTest.java
/home/travis/build/schemaspy/schemaspy/src/test/java/org/dummy/DummyDriver.java
/home/travis/build/schemaspy/schemaspy/src/test/java/org/testcontainers/containers/InformixContainer.java
/home/travis/build/schemaspy/schemaspy/src/test/java/org/schemaspy/ConfigTest.java
/home/travis/build/schemaspy/schemaspy/src/test/java/org/schemaspy/input/dbms/validator/NameValidatorIT.java
/home/travis/build/schemaspy/schemaspy/src/test/java/org/schemaspy/integrationtesting/mysql/MysqlSpacesNoDotsIT.java
/home/travis/build/schemaspy/schemaspy/src/test/java/org/schemaspy/integrationtesting/mssqlserver/MSSQLServerCheckConstraintIT.java
/home/travis/build/schemaspy/schemaspy/src/test/java/org/schemaspy/testing/SQLScriptsRunner.java
/home/travis/build/schemaspy/schemaspy/src/test/java/org/schemaspy/integrationtesting/H2ViewIT.java
/home/travis/build/schemaspy/schemaspy/src/test/java/org/schemaspy/input/dbms/service/TableServiceConnectTest.java
/home/travis/build/schemaspy/schemaspy/src/test/java/org/schemaspy/integrationtesting/mysql/MysqlHTMLIT.java
/home/travis/build/schemaspy/schemaspy/src/test/java/org/schemaspy/integrationtesting/pgsql/PgSqlCrossGvPNG.java
/home/travis/build/schemaspy/schemaspy/src/test/java/org/schemaspy/output/dot/schemaspy/ResourceFinderTest.java
/home/travis/build/schemaspy/schemaspy/src/test/java/org/schemaspy/output/html/mustache/diagrams/MustacheTableDiagramFactoryTest.java
/home/travis/build/schemaspy/schemaspy/src/test/java/org/schemaspy/integrationtesting/mysql/MysqlHTMLGvSvgIT.java
/home/travis/build/schemaspy/schemaspy/src/test/java/org/schemaspy/integrationtesting/pgsql/PgSqlRoutinesIT.java
/home/travis/build/schemaspy/schemaspy/src/test/java/org/schemaspy/testing/ConfigRule.java
/home/travis/build/schemaspy/schemaspy/src/test/java/org/schemaspy/input/dbms/service/IndexServiceAddPrimaryKeyColumnTest.java
/home/travis/build/schemaspy/schemaspy/src/test/java/org/schemaspy/output/xml/dom/XmlTableFormatterTest.java
/home/travis/build/schemaspy/schemaspy/src/test/java/org/schemaspy/input/dbms/xml/SchemaMetaTest.java
/home/travis/build/schemaspy/schemaspy/src/test/java/org/schemaspy/input/dbms/service/TableServiceAddForeignKeyTest.java
/home/travis/build/schemaspy/schemaspy/src/test/java/org/schemaspy/output/html/mustache/diagrams/MustacheDiagramFactoryTest.java
/home/travis/build/schemaspy/schemaspy/src/test/java/org/schemaspy/input/dbms/service/DatabaseServiceIT.java
/home/travis/build/schemaspy/schemaspy/src/test/java/org/schemaspy/testcontainer/InformixIndexIT.java
/home/travis/build/schemaspy/schemaspy/src/test/java/org/schemaspy/integrationtesting/PgSqlSuite.java
/home/travis/build/schemaspy/schemaspy/src/test/java/org/schemaspy/testing/XmlOutputDiff.java
/home/travis/build/schemaspy/schemaspy/src/test/java/org/schemaspy/integrationtesting/pgsql/PgSqlRelationshipErrorIT.java
/home/travis/build/schemaspy/schemaspy/src/test/java/org/schemaspy/output/diagram/vizjs/VizJSDotTest.java
/home/travis/build/schemaspy/schemaspy/src/test/java/org/schemaspy/input/dbms/DbDriverLoaderTest.java
/home/travis/build/schemaspy/schemaspy/src/test/java/org/schemaspy/output/xml/dom/XmlIndexFormatterTest.java
/home/travis/build/schemaspy/schemaspy/src/test/java/org/schemaspy/util/InflectionTest.java
/home/travis/build/schemaspy/schemaspy/src/test/java/org/schemaspy/cli/ConfigFileArgumentParserTest.java
/home/travis/build/schemaspy/schemaspy/src/test/java/org/schemaspy/testing/Logger.java
/home/travis/build/schemaspy/schemaspy/src/test/java/org/schemaspy/output/xml/dom/XmlHelp.java
/home/travis/build/schemaspy/schemaspy/src/test/java/org/schemaspy/integrationtesting/StackTraceOmitterIT.java
/home/travis/build/schemaspy/schemaspy/src/test/java/org/schemaspy/testing/ExitCodeRule.java
/home/travis/build/schemaspy/schemaspy/src/test/java/org/schemaspy/TableOrdererTest.java
/home/travis/build/schemaspy/schemaspy/src/test/java/org/schemaspy/view/HtmlRoutinesPageTest.java
/home/travis/build/schemaspy/schemaspy/src/test/java/org/schemaspy/integrationtesting/SchemaMetaIT.java
/home/travis/build/schemaspy/schemaspy/src/test/java/org/schemaspy/cli/CombinedDefaultProviderTest.java
/home/travis/build/schemaspy/schemaspy/src/test/java/org/schemaspy/model/TableFullNameTest.java
/home/travis/build/schemaspy/schemaspy/src/test/java/org/schemaspy/integrationtesting/MssqlServerSuite.java
/home/travis/build/schemaspy/schemaspy/src/test/java/org/schemaspy/output/diagram/graphviz/GraphvizVersionTest.java
/home/travis/build/schemaspy/schemaspy/src/test/java/org/schemaspy/input/dbms/service/DurationFormatterTest.java
/home/travis/build/schemaspy/schemaspy/src/test/java/org/schemaspy/integrationtesting/OraclePKIT.java
/home/travis/build/schemaspy/schemaspy/src/test/java/org/schemaspy/output/dot/schemaspy/DotNodeTest.java
/home/travis/build/schemaspy/schemaspy/src/test/java/org/schemaspy/util/RailsNamingTest.java
/home/travis/build/schemaspy/schemaspy/src/test/java/org/schemaspy/util/ResultSetDumper.java
/home/travis/build/schemaspy/schemaspy/src/test/java/org/schemaspy/model/SchemaTest.java
/home/travis/build/schemaspy/schemaspy/src/test/java/org/schemaspy/util/DbSpecificConfigTest.java
/home/travis/build/schemaspy/schemaspy/src/test/java/org/schemaspy/input/dbms/service/IndexServiceIsIndexRowTest.java
/home/travis/build/schemaspy/schemaspy/src/test/java/org/schemaspy/MainTest.java
/home/travis/build/schemaspy/schemaspy/src/test/java/org/schemaspy/integrationtesting/pgsql/PgSqlCheckConstraintsIT.java
/home/travis/build/schemaspy/schemaspy/src/test/java/org/schemaspy/testing/SilentSoftAssertions.java
/home/travis/build/schemaspy/schemaspy/src/test/java/org/schemaspy/output/dot/schemaspy/HtmlTest.java
/home/travis/build/schemaspy/schemaspy/src/test/java/org/schemaspy/integrationtesting/OracleSpacesIT.java
/home/travis/build/schemaspy/schemaspy/src/test/java/org/schemaspy/output/html/mustache/diagrams/MustacheSummaryDiagramFactoryTest.java
/home/travis/build/schemaspy/schemaspy/src/test/java/org/schemaspy/model/RoutineTest.java
/home/travis/build/schemaspy/schemaspy/src/test/java/org/schemaspy/view/MustacheCompilerTest.java
/home/travis/build/schemaspy/schemaspy/src/test/java/org/schemaspy/output/dot/schemaspy/DotNodeIT.java
/home/travis/build/schemaspy/schemaspy/src/test/java/org/schemaspy/input/dbms/service/TableServiceConnectForeignKeysTest.java
/home/travis/build/schemaspy/schemaspy/src/test/java/org/schemaspy/input/dbms/validator/NameValidatorTest.java
/home/travis/build/schemaspy/schemaspy/src/test/java/org/schemaspy/integrationtesting/mariadb/MariaDbRoutinesIT.java
/home/travis/build/schemaspy/schemaspy/src/test/java/org/schemaspy/cli/DegreeOfSeparationValidatorTest.java
/home/travis/build/schemaspy/schemaspy/src/test/java/org/schemaspy/integrationtesting/pgsql/PgSqlCrossVizjsSVG.java
/home/travis/build/schemaspy/schemaspy/src/test/java/org/schemaspy/integrationtesting/mssqlserver/MSSQLServerHTMLIT.java
/home/travis/build/schemaspy/schemaspy/src/test/java/org/schemaspy/integrationtesting/mysql/MysqlRoutinesIT.java
/home/travis/build/schemaspy/schemaspy/src/test/java/org/schemaspy/testing/ResettingOutputCapture.java
/home/travis/build/schemaspy/schemaspy/src/test/java/org/schemaspy/input/dbms/config/PropertiesFinderTest.java
/home/travis/build/schemaspy/schemaspy/src/test/java/org/schemaspy/integrationtesting/H2SpacesIT.java
/home/travis/build/schemaspy/schemaspy/src/test/java/org/schemaspy/integrationtesting/mysql/MysqlHTMLVizJsIT.java
/home/travis/build/schemaspy/schemaspy/src/test/java/org/schemaspy/output/xml/dom/XmlColumnFormatterTest.java
/home/travis/build/schemaspy/schemaspy/src/test/java/org/schemaspy/input/dbms/config/PropertiesResolverTest.java
/home/travis/build/schemaspy/schemaspy/src/test/java/org/schemaspy/util/CaseInsensitiveMapTest.java
/home/travis/build/schemaspy/schemaspy/src/test/java/org/dummy/DummyDriverUnsatisfiedCtor.java
/home/travis/build/schemaspy/schemaspy/src/test/java/org/schemaspy/input/dbms/CatalogResolverTest.java
/home/travis/build/schemaspy/schemaspy/src/test/java/org/schemaspy/view/HtmlMultipleSchemasIndexPageTest.java
/home/travis/build/schemaspy/schemaspy/src/test/java/org/schemaspy/integrationtesting/mssqlserver/MSSQLServerRemoteTablesIT.java
/home/travis/build/schemaspy/schemaspy/src/test/java/org/schemaspy/integrationtesting/pgsql/PgSqlMaterializedViewsIT.java
/home/travis/build/schemaspy/schemaspy/src/test/java/org/schemaspy/view/HtmlAnomaliesPageTest.java
/home/travis/build/schemaspy/schemaspy/src/test/java/org/schemaspy/DbAnalyzerTest.java
/home/travis/build/schemaspy/schemaspy/src/test/java/org/schemaspy/util/ManifestUtilsTest.java
/home/travis/build/schemaspy/schemaspy/src/test/java/org/schemaspy/view/HtmlTablePageTest.java
/home/travis/build/schemaspy/schemaspy/src/test/java/org/schemaspy/testcontainer/InformixIndexXMLIT.java
/home/travis/build/schemaspy/schemaspy/src/test/java/org/schemaspy/view/HtmlOrphansPageTest.java
/home/travis/build/schemaspy/schemaspy/src/test/java/org/schemaspy/testing/AssumeClassIsPresentRule.java
/home/travis/build/schemaspy/schemaspy/src/test/java/org/schemaspy/integrationtesting/H2KeywordIT.java
/home/travis/build/schemaspy/schemaspy/src/test/java/org/schemaspy/output/diagram/graphviz/GraphvizDotTest.java
/home/travis/build/schemaspy/schemaspy/src/test/java/org/schemaspy/output/dot/schemaspy/StyleSheetTest.java
/home/travis/build/schemaspy/schemaspy/src/test/java/org/schemaspy/testing/H2MemoryRule.java
/home/travis/build/schemaspy/schemaspy/src/test/java/org/schemaspy/integrationtesting/mysql/MysqlHTMLOrphanIT.java
/home/travis/build/schemaspy/schemaspy/src/test/java/org/schemaspy/integrationtesting/mysql/MysqlHTMLRemoteRelationshipsIT.java
/home/travis/build/schemaspy/schemaspy/src/test/java/org/schemaspy/output/xml/dom/XmlRoutineFormatterTest.java
/home/travis/build/schemaspy/schemaspy/src/test/java/org/schemaspy/integrationtesting/mssqlserver/MSSQLServerCommentsIT.java
/home/travis/build/schemaspy/schemaspy/src/test/java/org/schemaspy/input/dbms/ConnectionURLBuilderTest.java
/home/travis/build/schemaspy/schemaspy/src/test/java/org/schemaspy/cli/PropertyFileDefaultProviderTest.java
/home/travis/build/schemaspy/schemaspy/src/test/java/org/schemaspy/integrationtesting/mysql/MysqlSchemaLeakageIT.java
/home/travis/build/schemaspy/schemaspy/src/test/java/org/schemaspy/integrationtesting/pgsql/PgSqlCrossGvSVG.java
/home/travis/build/schemaspy/schemaspy/src/test/java/org/schemaspy/cli/CommandLineArgumentParserTest.java
/home/travis/build/schemaspy/schemaspy/src/test/java/org/schemaspy/util/ManifestUtilsIT.java
/home/travis/build/schemaspy/schemaspy/src/test/java/org/schemaspy/model/CatalogTest.java
/home/travis/build/schemaspy/schemaspy/src/test/java/org/schemaspy/testing/SuiteOrTestJdbcContainerRule.java
